Job ID: 1715
Array Task ID: 0
Node: hendrixgpu06fl
# CPUs: 4
Available GPU(s):
Sat May 10 21:11:12 2025       
+-----------------------------------------------------------------------------------------+
| NVIDIA-SMI 570.86.15              Driver Version: 570.86.15      CUDA Version: 12.8     |
|-----------------------------------------+------------------------+----------------------+
| GPU  Name                 Persistence-M | Bus-Id          Disp.A | Volatile Uncorr. ECC |
| Fan  Temp   Perf          Pwr:Usage/Cap |           Memory-Usage | GPU-Util  Compute M. |
|                                         |                        |               MIG M. |
|=========================================+========================+======================|
|   0  NVIDIA TITAN RTX               Off |   00000000:1A:00.0 Off |                  N/A |
| 41%   29C    P8             22W /  280W |       1MiB /  24576MiB |      0%      Default |
|                                         |                        |                  N/A |
+-----------------------------------------+------------------------+----------------------+
|   1  NVIDIA TITAN RTX               Off |   00000000:1B:00.0 Off |                  N/A |
| 41%   27C    P8             23W /  280W |       1MiB /  24576MiB |      0%      Default |
|                                         |                        |                  N/A |
+-----------------------------------------+------------------------+----------------------+
|   2  NVIDIA TITAN RTX               Off |   00000000:3D:00.0 Off |                  N/A |
| 41%   27C    P8             19W /  280W |       1MiB /  24576MiB |      0%      Default |
|                                         |                        |                  N/A |
+-----------------------------------------+------------------------+----------------------+
|   3  NVIDIA TITAN RTX               Off |   00000000:3E:00.0 Off |                  N/A |
| 41%   28C    P8             16W /  280W |       1MiB /  24576MiB |      0%      Default |
|                                         |                        |                  N/A |
+-----------------------------------------+------------------------+----------------------+
                                                                                         
+-----------------------------------------------------------------------------------------+
| Processes:                                                                              |
|  GPU   GI   CI              PID   Type   Process name                        GPU Memory |
|        ID   ID                                                               Usage      |
|=========================================================================================|
|  No running processes found                                                             |
+-----------------------------------------------------------------------------------------+
Using config file: configs/mlp_xpdf_abs_base.yaml
Running experiment with model type: MLP
GPUs detected, using CUDA version:
| NVIDIA-SMI 570.86.15              Driver Version: 570.86.15      CUDA Version: 12.8     |
DEBUG: PyTorch version: 2.7.0+cu128
DEBUG: CUDA available initial check: False
DEBUG: SLURM_JOB_GPUS: 0,1,2,3
DEBUG: CUDA_VISIBLE_DEVICES: 0,1,2,3
DEBUG: Could not force CUDA reinitialization
DEBUG: nvidia-smi confirms GPUs are present
DEBUG: nvidia-smi works but PyTorch doesn't see CUDA - forcing CUDA mode
Job completed at Sat May 10 21:11:22 CEST 2025
