/home/bwl137/master_thesis/nano_diff/lib/python3.11/site-packages/torch/__config__.py:9: UserWarning: CUDA initialization: CUDA unknown error - this may be due to an incorrectly set up environment, e.g. changing env variable CUDA_VISIBLE_DEVICES after program start. Setting the available devices to be zero. (Triggered internally at /pytorch/c10/cuda/CUDAFunctions.cpp:109.)
  return torch._C._show_config()
2025-05-10 21:11:21,366 - INFO - Starting experiment with model: MLP
2025-05-10 21:11:21,366 - INFO - SLURM Job ID: 1715, Task ID: 0
2025-05-10 21:11:21,366 - INFO - Task type: AbsPositionRegressionXPDF
2025-05-10 21:11:21,599 - INFO - Using device: cuda:0
2025-05-10 21:11:21,606 - INFO - Using random seed: 42
2025-05-10 21:11:21,606 - INFO - Loading dataset from data/CHILI-3K
2025-05-10 21:11:21,652 - INFO - Dataset: CHILI-3K
2025-05-10 21:11:21,653 - INFO - Train samples: 2013
2025-05-10 21:11:21,653 - INFO - Validation samples: 252
2025-05-10 21:11:21,653 - INFO - Test samples: 252
2025-05-10 21:11:21,657 - INFO - Results will be saved to: mlp_results/AbsPositionRegressionXPDF_20250510_211121_job1715_task0
2025-05-10 21:11:21,661 - INFO - Starting MLP baseline model training...
2025-05-10 21:11:21,713 - ERROR - Error during training: CUDA unknown error - this may be due to an incorrectly set up environment, e.g. changing env variable CUDA_VISIBLE_DEVICES after program start. Setting the available devices to be zero.
2025-05-10 21:11:21,717 - ERROR - Traceback (most recent call last):
  File "/home/bwl137/master_thesis/run_benchmarks.py", line 721, in run_experiment
    model, metrics = train_mlp_model(
                     ^^^^^^^^^^^^^^^^
  File "/home/bwl137/master_thesis/run_benchmarks.py", line 158, in train_mlp_model
    ).to(device)
      ^^^^^^^^^^
  File "/home/bwl137/master_thesis/nano_diff/lib/python3.11/site-packages/torch/nn/modules/module.py", line 1355, in to
    return self._apply(convert)
           ^^^^^^^^^^^^^^^^^^^^
  File "/home/bwl137/master_thesis/nano_diff/lib/python3.11/site-packages/torch/nn/modules/module.py", line 915, in _apply
    module._apply(fn)
  File "/home/bwl137/master_thesis/nano_diff/lib/python3.11/site-packages/torch/nn/modules/module.py", line 915, in _apply
    module._apply(fn)
  File "/home/bwl137/master_thesis/nano_diff/lib/python3.11/site-packages/torch/nn/modules/module.py", line 942, in _apply
    param_applied = fn(param)
                    ^^^^^^^^^
  File "/home/bwl137/master_thesis/nano_diff/lib/python3.11/site-packages/torch/nn/modules/module.py", line 1341, in convert
    return t.to(
           ^^^^^
  File "/home/bwl137/master_thesis/nano_diff/lib/python3.11/site-packages/torch/cuda/__init__.py", line 372, in _lazy_init
    torch._C._cuda_init()
RuntimeError: CUDA unknown error - this may be due to an incorrectly set up environment, e.g. changing env variable CUDA_VISIBLE_DEVICES after program start. Setting the available devices to be zero.

