/home/bwl137/master_thesis/nano_diff/lib/python3.11/site-packages/torch/__config__.py:9: UserWarning: CUDA initialization: CUDA unknown error - this may be due to an incorrectly set up environment, e.g. changing env variable CUDA_VISIBLE_DEVICES after program start. Setting the available devices to be zero. (Triggered internally at /pytorch/c10/cuda/CUDAFunctions.cpp:109.)
  return torch._C._show_config()
2025-05-10 21:14:52,264 - INFO - Starting experiment with model: Diffusion
2025-05-10 21:14:52,264 - INFO - SLURM Job ID: 1718, Task ID: 1
2025-05-10 21:14:52,264 - INFO - Task type: AbsPositionRegressionXRD
2025-05-10 21:14:52,264 - WARNING - CUDA not available, using CPU
2025-05-10 21:14:52,264 - INFO - Using device: cpu
2025-05-10 21:14:52,269 - INFO - Using random seed: 42
2025-05-10 21:14:52,270 - INFO - Loading dataset from data/CHILI-3K
2025-05-10 21:14:52,315 - INFO - Dataset: CHILI-3K
2025-05-10 21:14:52,315 - INFO - Train samples: 2013
2025-05-10 21:14:52,315 - INFO - Validation samples: 252
2025-05-10 21:14:52,315 - INFO - Test samples: 252
2025-05-10 21:14:52,317 - INFO - Results will be saved to: diffusion_results/AbsPositionRegressionXRD_20250510_211452_job1718_task1
2025-05-10 21:14:52,321 - INFO - Starting diffusion model training...
2025-05-10 21:14:52,322 - INFO - Using atom mapping from atom_type_mapping.json
2025-05-10 21:14:52,322 - INFO - Setting reporter to save images every 10 epochs
Training:   0%|          | 0/3200 [00:00<?, ?it/s]2025-05-10 21:15:00,464 - ERROR - Error during training: mat1 and mat2 shapes cannot be multiplied (64x580 and 6000x512)
2025-05-10 21:15:00,471 - ERROR - Traceback (most recent call last):
  File "/home/bwl137/master_thesis/run_benchmarks.py", line 735, in run_experiment
    model, metrics = train_vector_conditioned_ddpm(
                     ^^^^^^^^^^^^^^^^^^^^^^^^^^^^^^
  File "/home/bwl137/master_thesis/mnist_ddpm_cond.py", line 1630, in train_vector_conditioned_ddpm
    metrics = train(
              ^^^^^^
  File "/home/bwl137/master_thesis/mnist_ddpm_cond.py", line 869, in train
    loss = model.loss(x, cond, atom_types)
           ^^^^^^^^^^^^^^^^^^^^^^^^^^^^^^^
  File "/home/bwl137/master_thesis/mnist_ddpm_cond.py", line 783, in loss
    loss_dict = self.elbo_simple(x0, cond, atom_types)
                ^^^^^^^^^^^^^^^^^^^^^^^^^^^^^^^^^^^^^^
  File "/home/bwl137/master_thesis/mnist_ddpm_cond.py", line 727, in elbo_simple
    network_output = self.network(xt, t, cond, at)
                     ^^^^^^^^^^^^^^^^^^^^^^^^^^^^^
  File "/home/bwl137/master_thesis/mnist_ddpm_cond.py", line 453, in <lambda>
    self.network = lambda x, t, cond, atom_types=None: self._network(x, (t.squeeze()/T), cond, atom_types)
                                                       ^^^^^^^^^^^^^^^^^^^^^^^^^^^^^^^^^^^^^^^^^^^^^^^^^^^
  File "/home/bwl137/master_thesis/nano_diff/lib/python3.11/site-packages/torch/nn/modules/module.py", line 1751, in _wrapped_call_impl
    return self._call_impl(*args, **kwargs)
           ^^^^^^^^^^^^^^^^^^^^^^^^^^^^^^^^
  File "/home/bwl137/master_thesis/nano_diff/lib/python3.11/site-packages/torch/nn/modules/module.py", line 1762, in _call_impl
    return forward_call(*args, **kwargs)
           ^^^^^^^^^^^^^^^^^^^^^^^^^^^^^
  File "/home/bwl137/master_thesis/mnist_ddpm_cond.py", line 325, in forward
    cond_embedded = self.cond_embed(cond)
                    ^^^^^^^^^^^^^^^^^^^^^
  File "/home/bwl137/master_thesis/nano_diff/lib/python3.11/site-packages/torch/nn/modules/module.py", line 1751, in _wrapped_call_impl
    return self._call_impl(*args, **kwargs)
           ^^^^^^^^^^^^^^^^^^^^^^^^^^^^^^^^
  File "/home/bwl137/master_thesis/nano_diff/lib/python3.11/site-packages/torch/nn/modules/module.py", line 1762, in _call_impl
    return forward_call(*args, **kwargs)
           ^^^^^^^^^^^^^^^^^^^^^^^^^^^^^
  File "/home/bwl137/master_thesis/nano_diff/lib/python3.11/site-packages/torch/nn/modules/container.py", line 240, in forward
    input = module(input)
            ^^^^^^^^^^^^^
  File "/home/bwl137/master_thesis/nano_diff/lib/python3.11/site-packages/torch/nn/modules/module.py", line 1751, in _wrapped_call_impl
    return self._call_impl(*args, **kwargs)
           ^^^^^^^^^^^^^^^^^^^^^^^^^^^^^^^^
  File "/home/bwl137/master_thesis/nano_diff/lib/python3.11/site-packages/torch/nn/modules/module.py", line 1762, in _call_impl
    return forward_call(*args, **kwargs)
           ^^^^^^^^^^^^^^^^^^^^^^^^^^^^^
  File "/home/bwl137/master_thesis/nano_diff/lib/python3.11/site-packages/torch/nn/modules/linear.py", line 125, in forward
    return F.linear(input, self.weight, self.bias)
           ^^^^^^^^^^^^^^^^^^^^^^^^^^^^^^^^^^^^^^^
RuntimeError: mat1 and mat2 shapes cannot be multiplied (64x580 and 6000x512)

Training:   0%|          | 0/3200 [00:01<?, ?it/s]
