CUDA_VISIBLE_DEVICES: 0
SLURM_JOB_GPUS: 1
Sat May 10 21:25:43 2025       
+-----------------------------------------------------------------------------------------+
| NVIDIA-SMI 570.86.15              Driver Version: 570.86.15      CUDA Version: 12.8     |
|-----------------------------------------+------------------------+----------------------+
| GPU  Name                 Persistence-M | Bus-Id          Disp.A | Volatile Uncorr. ECC |
| Fan  Temp   Perf          Pwr:Usage/Cap |           Memory-Usage | GPU-Util  Compute M. |
|                                         |                        |               MIG M. |
|=========================================+========================+======================|
|   0  NVIDIA L40S                    Off |   00000000:66:00.0 Off |                    0 |
| N/A   29C    P8             32W /  350W |       1MiB /  46068MiB |      0%      Default |
|                                         |                        |                  N/A |
+-----------------------------------------+------------------------+----------------------+
                                                                                         
+-----------------------------------------------------------------------------------------+
| Processes:                                                                              |
|  GPU   GI   CI              PID   Type   Process name                        GPU Memory |
|        ID   ID                                                               Usage      |
|=========================================================================================|
|  No running processes found                                                             |
+-----------------------------------------------------------------------------------------+

===== CUDA Environment =====
CUDA_VISIBLE_DEVICES: 1
SLURM_JOB_GPUS: 1

===== CUDA Availability =====
CUDA available: False
CUDA device count: 0

CUDA is not available. Check your PyTorch installation or GPU drivers.
Job completed at Sat May 10 21:25:48 CEST 2025
