CUDA_VISIBLE_DEVICES before: 0
SLURM_JOB_GPUS: 0
CUDA_VISIBLE_DEVICES after: 0
Sat May 10 21:28:46 2025       
+-----------------------------------------------------------------------------------------+
| NVIDIA-SMI 570.86.15              Driver Version: 570.86.15      CUDA Version: 12.8     |
|-----------------------------------------+------------------------+----------------------+
| GPU  Name                 Persistence-M | Bus-Id          Disp.A | Volatile Uncorr. ECC |
| Fan  Temp   Perf          Pwr:Usage/Cap |           Memory-Usage | GPU-Util  Compute M. |
|                                         |                        |               MIG M. |
|=========================================+========================+======================|
|   0  Quadro RTX 6000                Off |   00000000:14:00.0 Off |                  Off |
| 33%   30C    P8             17W /  260W |       1MiB /  24576MiB |      0%      Default |
|                                         |                        |                  N/A |
+-----------------------------------------+------------------------+----------------------+
|   1  Quadro RTX 6000                Off |   00000000:B2:00.0 N/A |                  N/A |
|ERR!  ERR! ERR!              N/A /  N/A  |       2MiB /  24576MiB |     N/A      Default |
|                                         |                        |                 ERR! |
+-----------------------------------------+------------------------+----------------------+
                                                                                         
+-----------------------------------------------------------------------------------------+
| Processes:                                                                              |
|  GPU   GI   CI              PID   Type   Process name                        GPU Memory |
|        ID   ID                                                               Usage      |
|=========================================================================================|
|  No running processes found                                                             |
+-----------------------------------------------------------------------------------------+

===== CUDA Environment =====
CUDA_VISIBLE_DEVICES: 0
SLURM_JOB_GPUS: 0

===== CUDA Availability =====
CUDA available: True
CUDA device count: 1

===== Device 0 =====
Name: Quadro RTX 6000
Memory: 25.19 GB

===== GPU Tensor Test =====
Successfully created tensor on GPU: cuda:0
Job completed at Sat May 10 21:29:15 CEST 2025
