Job ID: 1762
Array Task ID: 3
Node: hendrixgpu18fl
# CPUs: 4
CUDA_VISIBLE_DEVICES before: 0
SLURM_JOB_GPUS: 0
CUDA_VISIBLE_DEVICES after: 0
Available GPU(s):
Sat May 10 21:38:13 2025       
+-----------------------------------------------------------------------------------------+
| NVIDIA-SMI 570.86.15              Driver Version: 570.86.15      CUDA Version: 12.8     |
|-----------------------------------------+------------------------+----------------------+
| GPU  Name                 Persistence-M | Bus-Id          Disp.A | Volatile Uncorr. ECC |
| Fan  Temp   Perf          Pwr:Usage/Cap |           Memory-Usage | GPU-Util  Compute M. |
|                                         |                        |               MIG M. |
|=========================================+========================+======================|
|   0  NVIDIA TITAN V                 Off |   00000000:02:00.0 Off |                  N/A |
| 28%   37C    P8             26W /  250W |       1MiB /  12288MiB |      0%      Default |
|                                         |                        |                  N/A |
+-----------------------------------------+------------------------+----------------------+
                                                                                         
+-----------------------------------------------------------------------------------------+
| Processes:                                                                              |
|  GPU   GI   CI              PID   Type   Process name                        GPU Memory |
|        ID   ID                                                               Usage      |
|=========================================================================================|
|  No running processes found                                                             |
+-----------------------------------------------------------------------------------------+
Using config file: configs/mlp_xrd_abs_base.yaml
Running experiment with model type: MLP
Job completed at Sat May 10 21:38:27 CEST 2025
