Job ID: 1764
Array Task ID: 1
Node: hendrixgpu11fl
# CPUs: 4
CUDA_VISIBLE_DEVICES before: 0
SLURM_JOB_GPUS: 1
CUDA_VISIBLE_DEVICES after: 0
Available GPU(s):
Sat May 10 21:38:16 2025       
+-----------------------------------------------------------------------------------------+
| NVIDIA-SMI 570.86.15              Driver Version: 570.86.15      CUDA Version: 12.8     |
|-----------------------------------------+------------------------+----------------------+
| GPU  Name                 Persistence-M | Bus-Id          Disp.A | Volatile Uncorr. ECC |
| Fan  Temp   Perf          Pwr:Usage/Cap |           Memory-Usage | GPU-Util  Compute M. |
|                                         |                        |               MIG M. |
|=========================================+========================+======================|
|   0  Quadro RTX 6000                Off |   00000000:15:00.0 Off |                  Off |
| 33%   24C    P8             23W /  260W |       1MiB /  24576MiB |      0%      Default |
|                                         |                        |                  N/A |
+-----------------------------------------+------------------------+----------------------+
|   1  Quadro RTX 6000                Off |   00000000:B2:00.0 N/A |                  N/A |
|ERR!  ERR! ERR!              N/A /  N/A  |       2MiB /  24576MiB |     N/A      Default |
|                                         |                        |                 ERR! |
+-----------------------------------------+------------------------+----------------------+
                                                                                         
+-----------------------------------------------------------------------------------------+
| Processes:                                                                              |
|  GPU   GI   CI              PID   Type   Process name                        GPU Memory |
|        ID   ID                                                               Usage      |
|=========================================================================================|
|  No running processes found                                                             |
+-----------------------------------------------------------------------------------------+
Using config file: configs/diffusion_xrd_abs_base.yaml
Running experiment with model type: Diffusion
Job completed at Sat May 10 21:38:49 CEST 2025
