2025-05-10 21:40:52,786 - INFO - Starting experiment with model: MLP
2025-05-10 21:40:52,786 - INFO - SLURM Job ID: 1771, Task ID: 2
2025-05-10 21:40:52,786 - INFO - Task type: AbsPositionRegressionXPDF
2025-05-10 21:40:52,786 - INFO - SLURM assigned GPU(s): 1
2025-05-10 21:40:52,815 - INFO - GPU 0: NVIDIA L40S
2025-05-10 21:40:52,815 - INFO - Using device: cuda
2025-05-10 21:40:52,821 - INFO - Using random seed: 42
2025-05-10 21:40:52,821 - INFO - Loading dataset from data/CHILI-3K
2025-05-10 21:40:52,869 - INFO - Dataset: CHILI-3K
2025-05-10 21:40:52,869 - INFO - Train samples: 2013
2025-05-10 21:40:52,869 - INFO - Validation samples: 252
2025-05-10 21:40:52,869 - INFO - Test samples: 252
2025-05-10 21:40:52,871 - INFO - Results will be saved to: mlp_results/AbsPositionRegressionXPDF_20250510_214052_job1771_task2
2025-05-10 21:40:52,875 - INFO - Starting MLP baseline model training...
2025-05-10 21:40:53,047 - INFO - Created BaselineMLP with 3 layers
2025-05-10 21:40:53,048 - INFO - Starting MLP training for 200 epochs
2025-05-10 21:40:59,614 - INFO - Epoch 1/200 - Train Loss: 2.068993, Val Loss: 2.067641, Val MAE: 5.058811, Val Hausdorff: 6.391227
2025-05-10 21:40:59,881 - INFO - Saved new best model at epoch 1 with MAE: 5.058811
2025-05-10 21:41:03,693 - INFO - Epoch 2/200 - Train Loss: 2.066597, Val Loss: 2.066521, Val MAE: 5.056372, Val Hausdorff: 6.526748
2025-05-10 21:41:03,963 - INFO - Saved new best model at epoch 2 with MAE: 5.056372
2025-05-10 21:41:07,746 - INFO - Epoch 3/200 - Train Loss: 2.064351, Val Loss: 2.064597, Val MAE: 5.056476, Val Hausdorff: 6.292744
2025-05-10 21:41:10,883 - INFO - Epoch 4/200 - Train Loss: 2.059843, Val Loss: 2.059547, Val MAE: 5.044403, Val Hausdorff: 6.429660
2025-05-10 21:41:11,153 - INFO - Saved new best model at epoch 4 with MAE: 5.044403
2025-05-10 21:41:14,893 - INFO - Epoch 5/200 - Train Loss: 2.061808, Val Loss: 2.062733, Val MAE: 5.052934, Val Hausdorff: 6.244940
2025-05-10 21:41:18,210 - INFO - Epoch 6/200 - Train Loss: 2.054625, Val Loss: 2.069926, Val MAE: 5.068561, Val Hausdorff: 6.117054
2025-05-10 21:41:21,258 - INFO - Epoch 7/200 - Train Loss: 2.049357, Val Loss: 2.051801, Val MAE: 5.029433, Val Hausdorff: 6.375523
2025-05-10 21:41:21,553 - INFO - Saved new best model at epoch 7 with MAE: 5.029433
2025-05-10 21:41:25,288 - INFO - Epoch 8/200 - Train Loss: 2.047255, Val Loss: 2.053879, Val MAE: 5.031757, Val Hausdorff: 6.448099
2025-05-10 21:41:28,511 - INFO - Epoch 9/200 - Train Loss: 2.043687, Val Loss: 2.055771, Val MAE: 5.036681, Val Hausdorff: 6.347811
2025-05-10 21:41:31,522 - INFO - Epoch 10/200 - Train Loss: 2.043695, Val Loss: 2.050752, Val MAE: 5.026871, Val Hausdorff: 6.329100
2025-05-10 21:41:32,491 - INFO - Saved new best model at epoch 10 with MAE: 5.026871
2025-05-10 21:41:36,206 - INFO - Epoch 11/200 - Train Loss: 2.041072, Val Loss: 2.047510, Val MAE: 5.021721, Val Hausdorff: 6.234893
2025-05-10 21:41:36,489 - INFO - Saved new best model at epoch 11 with MAE: 5.021721
2025-05-10 21:41:40,419 - INFO - Epoch 12/200 - Train Loss: 2.039496, Val Loss: 2.046928, Val MAE: 5.020158, Val Hausdorff: 6.277561
2025-05-10 21:41:40,687 - INFO - Saved new best model at epoch 12 with MAE: 5.020158
2025-05-10 21:41:44,408 - INFO - Epoch 13/200 - Train Loss: 2.038630, Val Loss: 2.047266, Val MAE: 5.020965, Val Hausdorff: 6.201433
2025-05-10 21:41:47,430 - INFO - Epoch 14/200 - Train Loss: 2.039012, Val Loss: 2.047298, Val MAE: 5.021054, Val Hausdorff: 6.225546
2025-05-10 21:41:50,575 - INFO - Epoch 15/200 - Train Loss: 2.046999, Val Loss: 2.049660, Val MAE: 5.026989, Val Hausdorff: 6.129236
2025-05-10 21:41:53,582 - INFO - Epoch 16/200 - Train Loss: 2.038590, Val Loss: 2.048086, Val MAE: 5.024248, Val Hausdorff: 6.154617
2025-05-10 21:41:56,541 - INFO - Epoch 17/200 - Train Loss: 2.038619, Val Loss: 2.047350, Val MAE: 5.023480, Val Hausdorff: 6.130538
2025-05-10 21:41:59,525 - INFO - Epoch 18/200 - Train Loss: 2.035110, Val Loss: 2.044448, Val MAE: 5.016414, Val Hausdorff: 6.116276
2025-05-10 21:41:59,796 - INFO - Saved new best model at epoch 18 with MAE: 5.016414
2025-05-10 21:42:03,712 - INFO - Epoch 19/200 - Train Loss: 2.033530, Val Loss: 2.043859, Val MAE: 5.017121, Val Hausdorff: 5.979955
2025-05-10 21:42:06,730 - INFO - Epoch 20/200 - Train Loss: 2.033928, Val Loss: 2.045354, Val MAE: 5.020933, Val Hausdorff: 6.019560
2025-05-10 21:42:10,431 - INFO - Epoch 21/200 - Train Loss: 2.030942, Val Loss: 2.039446, Val MAE: 5.007255, Val Hausdorff: 6.132687
2025-05-10 21:42:10,729 - INFO - Saved new best model at epoch 21 with MAE: 5.007255
2025-05-10 21:42:14,597 - INFO - Epoch 22/200 - Train Loss: 2.028229, Val Loss: 2.038450, Val MAE: 5.006888, Val Hausdorff: 5.937220
2025-05-10 21:42:14,876 - INFO - Saved new best model at epoch 22 with MAE: 5.006888
2025-05-10 21:42:18,568 - INFO - Epoch 23/200 - Train Loss: 2.026417, Val Loss: 2.040723, Val MAE: 5.010044, Val Hausdorff: 6.069468
2025-05-10 21:42:21,714 - INFO - Epoch 24/200 - Train Loss: 2.030834, Val Loss: 2.035617, Val MAE: 5.000363, Val Hausdorff: 6.023160
2025-05-10 21:42:22,001 - INFO - Saved new best model at epoch 24 with MAE: 5.000363
2025-05-10 21:42:25,701 - INFO - Epoch 25/200 - Train Loss: 2.023981, Val Loss: 2.031917, Val MAE: 4.994272, Val Hausdorff: 5.969850
2025-05-10 21:42:25,975 - INFO - Saved new best model at epoch 25 with MAE: 4.994272
2025-05-10 21:42:29,832 - INFO - Epoch 26/200 - Train Loss: 2.023044, Val Loss: 2.030737, Val MAE: 4.992743, Val Hausdorff: 5.990769
2025-05-10 21:42:30,120 - INFO - Saved new best model at epoch 26 with MAE: 4.992743
2025-05-10 21:42:33,581 - INFO - Epoch 27/200 - Train Loss: 2.023319, Val Loss: 2.032568, Val MAE: 4.999637, Val Hausdorff: 5.934175
2025-05-10 21:42:36,487 - INFO - Epoch 28/200 - Train Loss: 2.023468, Val Loss: 2.031978, Val MAE: 4.997822, Val Hausdorff: 5.900944
2025-05-10 21:42:39,363 - INFO - Epoch 29/200 - Train Loss: 2.017126, Val Loss: 2.029789, Val MAE: 4.995769, Val Hausdorff: 5.887866
2025-05-10 21:42:42,223 - INFO - Epoch 30/200 - Train Loss: 2.014159, Val Loss: 2.032072, Val MAE: 5.000250, Val Hausdorff: 5.938491
2025-05-10 21:42:45,884 - INFO - Epoch 31/200 - Train Loss: 2.011481, Val Loss: 2.026096, Val MAE: 4.990868, Val Hausdorff: 5.831716
2025-05-10 21:42:46,129 - INFO - Saved new best model at epoch 31 with MAE: 4.990868
2025-05-10 21:42:50,042 - INFO - Epoch 32/200 - Train Loss: 2.009383, Val Loss: 2.025973, Val MAE: 4.991754, Val Hausdorff: 5.839062
2025-05-10 21:42:53,057 - INFO - Epoch 33/200 - Train Loss: 2.009855, Val Loss: 2.026615, Val MAE: 4.993535, Val Hausdorff: 5.817092
2025-05-10 21:42:56,115 - INFO - Epoch 34/200 - Train Loss: 2.007848, Val Loss: 2.027900, Val MAE: 4.998578, Val Hausdorff: 5.751879
2025-05-10 21:42:59,140 - INFO - Epoch 35/200 - Train Loss: 2.006470, Val Loss: 2.025886, Val MAE: 4.995885, Val Hausdorff: 5.722584
2025-05-10 21:43:02,317 - INFO - Epoch 36/200 - Train Loss: 2.007847, Val Loss: 2.026355, Val MAE: 4.998421, Val Hausdorff: 5.655672
2025-05-10 21:43:05,292 - INFO - Epoch 37/200 - Train Loss: 2.005728, Val Loss: 2.024597, Val MAE: 4.992473, Val Hausdorff: 5.730482
2025-05-10 21:43:08,301 - INFO - Epoch 38/200 - Train Loss: 2.005637, Val Loss: 2.024806, Val MAE: 4.992143, Val Hausdorff: 5.733089
2025-05-10 21:43:11,278 - INFO - Epoch 39/200 - Train Loss: 2.004968, Val Loss: 2.027631, Val MAE: 4.995997, Val Hausdorff: 5.809183
2025-05-10 21:43:14,437 - INFO - Epoch 40/200 - Train Loss: 2.003905, Val Loss: 2.023102, Val MAE: 4.993174, Val Hausdorff: 5.671804
2025-05-10 21:43:18,251 - INFO - Epoch 41/200 - Train Loss: 2.002507, Val Loss: 2.024996, Val MAE: 4.996550, Val Hausdorff: 5.687043
2025-05-10 21:43:21,272 - INFO - Epoch 42/200 - Train Loss: 2.001539, Val Loss: 2.023544, Val MAE: 4.991784, Val Hausdorff: 5.712613
2025-05-10 21:43:24,502 - INFO - Epoch 43/200 - Train Loss: 2.003595, Val Loss: 2.025419, Val MAE: 4.996264, Val Hausdorff: 5.675714
2025-05-10 21:43:27,541 - INFO - Epoch 44/200 - Train Loss: 2.001571, Val Loss: 2.023873, Val MAE: 4.997435, Val Hausdorff: 5.570071
2025-05-10 21:43:30,512 - INFO - Epoch 45/200 - Train Loss: 2.000905, Val Loss: 2.024543, Val MAE: 4.996465, Val Hausdorff: 5.603992
2025-05-10 21:43:33,498 - INFO - Epoch 46/200 - Train Loss: 1.999205, Val Loss: 2.022335, Val MAE: 4.994401, Val Hausdorff: 5.595950
slurmstepd: error: *** JOB 1771 ON hendrixgpu23fl CANCELLED AT 2025-05-10T21:43:36 ***
