Job ID: 1790
Node: hendrixgpu06fl
# CPUs: 4
CUDA_VISIBLE_DEVICES before: 0,1,2,3
SLURM_JOB_GPUS: 0,2,3,4
CUDA_VISIBLE_DEVICES after: 0,1,2,3
Available GPU(s):
Sat May 10 21:56:45 2025       
+-----------------------------------------------------------------------------------------+
| NVIDIA-SMI 570.86.15              Driver Version: 570.86.15      CUDA Version: 12.8     |
|-----------------------------------------+------------------------+----------------------+
| GPU  Name                 Persistence-M | Bus-Id          Disp.A | Volatile Uncorr. ECC |
| Fan  Temp   Perf          Pwr:Usage/Cap |           Memory-Usage | GPU-Util  Compute M. |
|                                         |                        |               MIG M. |
|=========================================+========================+======================|
|   0  NVIDIA TITAN RTX               Off |   00000000:1A:00.0 Off |                  N/A |
| 41%   29C    P8             22W /  280W |       1MiB /  24576MiB |      0%      Default |
|                                         |                        |                  N/A |
+-----------------------------------------+------------------------+----------------------+
|   1  NVIDIA TITAN RTX               Off |   00000000:3D:00.0 Off |                  N/A |
| 41%   27C    P8             19W /  280W |       1MiB /  24576MiB |      0%      Default |
|                                         |                        |                  N/A |
+-----------------------------------------+------------------------+----------------------+
|   2  NVIDIA TITAN RTX               Off |   00000000:3E:00.0 Off |                  N/A |
| 41%   28C    P8             16W /  280W |       1MiB /  24576MiB |      0%      Default |
|                                         |                        |                  N/A |
+-----------------------------------------+------------------------+----------------------+
|   3  NVIDIA TITAN RTX               Off |   00000000:88:00.0 Off |                  N/A |
| 41%   27C    P8             21W /  280W |       1MiB /  24576MiB |      0%      Default |
|                                         |                        |                  N/A |
+-----------------------------------------+------------------------+----------------------+
                                                                                         
+-----------------------------------------------------------------------------------------+
| Processes:                                                                              |
|  GPU   GI   CI              PID   Type   Process name                        GPU Memory |
|        ID   ID                                                               Usage      |
|=========================================================================================|
|  No running processes found                                                             |
+-----------------------------------------------------------------------------------------+
==============================================
Running job 1 of 4: configs/diffusion_xpdf_abs_base.yaml
==============================================
Running experiment with model type: Diffusion
ERROR: Job 1 (configs/diffusion_xpdf_abs_base.yaml) failed with exit code 2
Continuing with next job despite error

==============================================
Running job 2 of 4: configs/diffusion_xrd_abs_base.yaml
==============================================
Running experiment with model type: Diffusion
ERROR: Job 2 (configs/diffusion_xrd_abs_base.yaml) failed with exit code 2
Continuing with next job despite error

==============================================
Running job 3 of 4: configs/mlp_xpdf_abs_base.yaml
==============================================
Running experiment with model type: MLP
ERROR: Job 3 (configs/mlp_xpdf_abs_base.yaml) failed with exit code 2
Continuing with next job despite error

==============================================
Running job 4 of 4: configs/mlp_xrd_abs_base.yaml
==============================================
Running experiment with model type: MLP
ERROR: Job 4 (configs/mlp_xrd_abs_base.yaml) failed with exit code 2
Continuing with next job despite error

All jobs processed at Sat May 10 21:57:15 CEST 2025
Some jobs failed during execution:
 - Job 1: configs/diffusion_xpdf_abs_base.yaml (Exit code: 2)
 - Job 2: configs/diffusion_xrd_abs_base.yaml (Exit code: 2)
 - Job 3: configs/mlp_xpdf_abs_base.yaml (Exit code: 2)
 - Job 4: configs/mlp_xrd_abs_base.yaml (Exit code: 2)
