2025-05-10 22:01:55,779 - INFO - Starting experiment with model: MLP
2025-05-10 22:01:55,779 - INFO - SLURM Job ID: 1799, Task ID: 2
2025-05-10 22:01:55,779 - INFO - Task type: AbsPositionRegressionXPDF
2025-05-10 22:01:55,779 - INFO - SLURM assigned GPU(s): 0
/home/bwl137/master_thesis/nano_diff/lib/python3.11/site-packages/torch/cuda/__init__.py:262: UserWarning: 
    Found GPU0 NVIDIA TITAN V which is of cuda capability 7.0.
    PyTorch no longer supports this GPU because it is too old.
    The minimum cuda capability supported by this library is 7.5.
    
  warnings.warn(
2025-05-10 22:01:55,807 - INFO - GPU 0: NVIDIA TITAN V
2025-05-10 22:01:55,807 - INFO - Using device: cuda
2025-05-10 22:01:55,813 - INFO - Using random seed: 42
2025-05-10 22:01:55,813 - INFO - Loading dataset from data/CHILI-3K
2025-05-10 22:01:55,866 - INFO - Dataset: CHILI-3K
2025-05-10 22:01:55,866 - INFO - Train samples: 2013
2025-05-10 22:01:55,866 - INFO - Validation samples: 252
2025-05-10 22:01:55,866 - INFO - Test samples: 252
2025-05-10 22:01:55,868 - INFO - Results will be saved to: mlp_results/AbsPositionRegressionXPDF_20250510_220155_job1799_task2
2025-05-10 22:01:55,872 - INFO - Starting MLP baseline model training...
2025-05-10 22:01:56,255 - INFO - Created BaselineMLP with 3 layers
2025-05-10 22:01:56,257 - INFO - Starting MLP training for 200 epochs
2025-05-10 22:01:56,440 - ERROR - Error during training: CUDA error: no kernel image is available for execution on the device
Compile with `TORCH_USE_CUDA_DSA` to enable device-side assertions.

2025-05-10 22:01:56,446 - ERROR - Traceback (most recent call last):
  File "/home/bwl137/master_thesis/run_benchmarks.py", line 698, in run_experiment
    model, metrics = train_mlp_model(
                     ^^^^^^^^^^^^^^^^
  File "/home/bwl137/master_thesis/run_benchmarks.py", line 330, in train_mlp_model
    predictions = model(sct)
                  ^^^^^^^^^^
  File "/home/bwl137/master_thesis/nano_diff/lib/python3.11/site-packages/torch/nn/modules/module.py", line 1751, in _wrapped_call_impl
    return self._call_impl(*args, **kwargs)
           ^^^^^^^^^^^^^^^^^^^^^^^^^^^^^^^^
  File "/home/bwl137/master_thesis/nano_diff/lib/python3.11/site-packages/torch/nn/modules/module.py", line 1762, in _call_impl
    return forward_call(*args, **kwargs)
           ^^^^^^^^^^^^^^^^^^^^^^^^^^^^^
  File "/home/bwl137/master_thesis/baseline_model.py", line 67, in forward
    features = self.feature_extractor(x)  # [batch_size, hidden_channels]
               ^^^^^^^^^^^^^^^^^^^^^^^^^
  File "/home/bwl137/master_thesis/nano_diff/lib/python3.11/site-packages/torch/nn/modules/module.py", line 1751, in _wrapped_call_impl
    return self._call_impl(*args, **kwargs)
           ^^^^^^^^^^^^^^^^^^^^^^^^^^^^^^^^
  File "/home/bwl137/master_thesis/nano_diff/lib/python3.11/site-packages/torch/nn/modules/module.py", line 1762, in _call_impl
    return forward_call(*args, **kwargs)
           ^^^^^^^^^^^^^^^^^^^^^^^^^^^^^
  File "/home/bwl137/master_thesis/nano_diff/lib/python3.11/site-packages/torch/nn/modules/container.py", line 240, in forward
    input = module(input)
            ^^^^^^^^^^^^^
  File "/home/bwl137/master_thesis/nano_diff/lib/python3.11/site-packages/torch/nn/modules/module.py", line 1751, in _wrapped_call_impl
    return self._call_impl(*args, **kwargs)
           ^^^^^^^^^^^^^^^^^^^^^^^^^^^^^^^^
  File "/home/bwl137/master_thesis/nano_diff/lib/python3.11/site-packages/torch/nn/modules/module.py", line 1762, in _call_impl
    return forward_call(*args, **kwargs)
           ^^^^^^^^^^^^^^^^^^^^^^^^^^^^^
  File "/home/bwl137/master_thesis/nano_diff/lib/python3.11/site-packages/torch/nn/modules/activation.py", line 133, in forward
    return F.relu(input, inplace=self.inplace)
           ^^^^^^^^^^^^^^^^^^^^^^^^^^^^^^^^^^^
  File "/home/bwl137/master_thesis/nano_diff/lib/python3.11/site-packages/torch/nn/functional.py", line 1704, in relu
    result = torch.relu(input)
             ^^^^^^^^^^^^^^^^^
RuntimeError: CUDA error: no kernel image is available for execution on the device
Compile with `TORCH_USE_CUDA_DSA` to enable device-side assertions.


