Slurm assigned GPUs: 0,2,3,4
Set CUDA_VISIBLE_DEVICES=0,1,2,3
Job ID: 6053
Node: hendrixgpu20fl
# CPUs: 4
Wed May 14 21:49:53 2025       
+-----------------------------------------------------------------------------------------+
| NVIDIA-SMI 570.86.15              Driver Version: 570.86.15      CUDA Version: 12.8     |
|-----------------------------------------+------------------------+----------------------+
| GPU  Name                 Persistence-M | Bus-Id          Disp.A | Volatile Uncorr. ECC |
| Fan  Temp   Perf          Pwr:Usage/Cap |           Memory-Usage | GPU-Util  Compute M. |
|                                         |                        |               MIG M. |
|=========================================+========================+======================|
|   0  NVIDIA TITAN RTX               Off |   00000000:1A:00.0 Off |                  N/A |
| 41%   43C    P8             28W /  280W |       1MiB /  24576MiB |      0%      Default |
|                                         |                        |                  N/A |
+-----------------------------------------+------------------------+----------------------+
|   1  NVIDIA TITAN RTX               Off |   00000000:3D:00.0 Off |                  N/A |
| 41%   27C    P8             15W /  280W |       1MiB /  24576MiB |      0%      Default |
|                                         |                        |                  N/A |
+-----------------------------------------+------------------------+----------------------+
|   2  NVIDIA TITAN RTX               Off |   00000000:3E:00.0 Off |                  N/A |
| 41%   30C    P8             31W /  280W |       1MiB /  24576MiB |      0%      Default |
|                                         |                        |                  N/A |
+-----------------------------------------+------------------------+----------------------+
|   3  NVIDIA TITAN RTX               Off |   00000000:88:00.0 Off |                  N/A |
| 41%   28C    P8             22W /  280W |       1MiB /  24576MiB |      0%      Default |
|                                         |                        |                  N/A |
+-----------------------------------------+------------------------+----------------------+
                                                                                         
+-----------------------------------------------------------------------------------------+
| Processes:                                                                              |
|  GPU   GI   CI              PID   Type   Process name                        GPU Memory |
|        ID   ID                                                               Usage      |
|=========================================================================================|
|  No running processes found                                                             |
+-----------------------------------------------------------------------------------------+
Using config file: configs/diffusion_xpdf_frac_base.yaml
Running experiment with model type: Diffusion
Job completed at Wed May 14 21:50:09 CEST 2025
